org\tpv\config\Configuracion.class
org\tpv\service\ImpresoraService$TicketPrintable.class
org\tpv\ui\controller\ConfiguracionController.class
org\tpv\domain\Empleado.class
org\tpv\ui\controller\FacturasController$2.class
org\tpv\repository\ProductoRepository.class
org\tpv\repository\EmpleadoRepository.class
org\tpv\domain\LineaFactura.class
org\tpv\ui\controller\VentaController$3.class
org\tpv\service\ImpresoraService.class
org\tpv\repository\FacturaRepository.class
org\tpv\ui\controller\VentaController$2.class
org\tpv\ui\controller\ClientesController.class
org\tpv\ui\controller\ProductosController$1.class
org\tpv\ui\controller\MainController.class
org\tpv\ui\controller\ProductosController$3.class
org\tpv\domain\Factura.class
org\tpv\ui\controller\VentaController$5.class
org\tpv\ui\controller\VentaController.class
org\tpv\service\FacturaService.class
org\tpv\ui\controller\FacturasController.class
org\tpv\service\VentaService.class
org\tpv\ui\controller\VentaController$6.class
org\tpv\ui\controller\ClientesController$1.class
org\tpv\ui\controller\FacturasController$1.class
org\tpv\domain\Producto.class
org\tpv\database\DatabaseManager.class
org\tpv\ui\controller\FacturasController$MoneyCell.class
org\tpv\service\ClienteService.class
org\tpv\repository\ClienteRepository.class
org\tpv\config\SesionUsuario.class
org\tpv\service\ProductoService.class
org\tpv\ui\controller\VentaController$4.class
org\tpv\ui\TPVApplication.class
org\tpv\repository\ConfiguracionRepository.class
org\tpv\ui\controller\ProductosController.class
org\tpv\ui\controller\VentaController$1.class
org\tpv\Main.class
org\tpv\domain\Cliente.class
org\tpv\ui\controller\ProductosController$2.class
org\tpv\Launcher.class
