D:\PROYECTO-TIENDA\tpv-tienda\src\main\java\org\tpv\config\Configuracion.java
D:\PROYECTO-TIENDA\tpv-tienda\src\main\java\org\tpv\config\SesionUsuario.java
D:\PROYECTO-TIENDA\tpv-tienda\src\main\java\org\tpv\database\DatabaseManager.java
D:\PROYECTO-TIENDA\tpv-tienda\src\main\java\org\tpv\domain\Cliente.java
D:\PROYECTO-TIENDA\tpv-tienda\src\main\java\org\tpv\domain\Empleado.java
D:\PROYECTO-TIENDA\tpv-tienda\src\main\java\org\tpv\domain\Factura.java
D:\PROYECTO-TIENDA\tpv-tienda\src\main\java\org\tpv\domain\LineaFactura.java
D:\PROYECTO-TIENDA\tpv-tienda\src\main\java\org\tpv\domain\Producto.java
D:\PROYECTO-TIENDA\tpv-tienda\src\main\java\org\tpv\Launcher.java
D:\PROYECTO-TIENDA\tpv-tienda\src\main\java\org\tpv\Main.java
D:\PROYECTO-TIENDA\tpv-tienda\src\main\java\org\tpv\repository\ClienteRepository.java
D:\PROYECTO-TIENDA\tpv-tienda\src\main\java\org\tpv\repository\ConfiguracionRepository.java
D:\PROYECTO-TIENDA\tpv-tienda\src\main\java\org\tpv\repository\EmpleadoRepository.java
D:\PROYECTO-TIENDA\tpv-tienda\src\main\java\org\tpv\repository\FacturaRepository.java
D:\PROYECTO-TIENDA\tpv-tienda\src\main\java\org\tpv\repository\ProductoRepository.java
D:\PROYECTO-TIENDA\tpv-tienda\src\main\java\org\tpv\service\ClienteService.java
D:\PROYECTO-TIENDA\tpv-tienda\src\main\java\org\tpv\service\FacturaService.java
D:\PROYECTO-TIENDA\tpv-tienda\src\main\java\org\tpv\service\ImpresoraService.java
D:\PROYECTO-TIENDA\tpv-tienda\src\main\java\org\tpv\service\ProductoService.java
D:\PROYECTO-TIENDA\tpv-tienda\src\main\java\org\tpv\service\VentaService.java
D:\PROYECTO-TIENDA\tpv-tienda\src\main\java\org\tpv\ui\controller\ClientesController.java
D:\PROYECTO-TIENDA\tpv-tienda\src\main\java\org\tpv\ui\controller\ConfiguracionController.java
D:\PROYECTO-TIENDA\tpv-tienda\src\main\java\org\tpv\ui\controller\FacturasController.java
D:\PROYECTO-TIENDA\tpv-tienda\src\main\java\org\tpv\ui\controller\MainController.java
D:\PROYECTO-TIENDA\tpv-tienda\src\main\java\org\tpv\ui\controller\ProductosController.java
D:\PROYECTO-TIENDA\tpv-tienda\src\main\java\org\tpv\ui\controller\VentaController.java
D:\PROYECTO-TIENDA\tpv-tienda\src\main\java\org\tpv\ui\TPVApplication.java
